
> muhasebe-frontend@1.0.0 build
> tsc && vite build

src/domains/accounting/accounts/pages/AccountsPage.tsx(26,59): error TS2353: Object literal may only specify known properties, and 'limit' does not exist in type '{ is_active?: boolean | undefined; contact_type?: string | undefined; }'.
src/domains/accounting/accounts/pages/AccountsPage.tsx(27,91): error TS2339: Property 'items' does not exist on type 'never'.
src/domains/accounting/accounts/pages/AccountsPage.tsx(170,9): error TS2322: Type '({ title: string; dataIndex: string; key: string; width: number; sorter: (a: Account, b: Account) => number; render?: undefined; filters?: undefined; filterMultiple?: undefined; onFilter?: undefined; } | { ...; } | { ...; } | { ...; } | { ...; })[]' is not assignable to type '(ColumnGroupType<Account> | ColumnType<Account>)[]'.
  Type '{ title: string; dataIndex: string; key: string; width: number; sorter: (a: Account, b: Account) => number; render?: undefined; filters?: undefined; filterMultiple?: undefined; onFilter?: undefined; } | { ...; } | { ...; } | { ...; } | { ...; }' is not assignable to type 'ColumnGroupType<Account> | ColumnType<Account>'.
    Type '{ title: string; dataIndex: string; key: string; width: number; render: (type: "asset" | "liability" | "revenue" | "expense") => JSX.Element; filters: { ...; }[]; filterMultiple: boolean; onFilter: (value: string | number | boolean, record: Account) => boolean; sorter?: undefined; }' is not assignable to type 'ColumnGroupType<Account> | ColumnType<Account>'.
      Type '{ title: string; dataIndex: string; key: string; width: number; render: (type: "asset" | "liability" | "revenue" | "expense") => JSX.Element; filters: { ...; }[]; filterMultiple: boolean; onFilter: (value: string | number | boolean, record: Account) => boolean; sorter?: undefined; }' is not assignable to type 'ColumnType<Account>'.
        Types of property 'onFilter' are incompatible.
          Type '(value: string | number | boolean, record: Account) => boolean' is not assignable to type '(value: boolean | Key, record: Account) => boolean'.
            Types of parameters 'value' and 'value' are incompatible.
              Type 'boolean | Key' is not assignable to type 'string | number | boolean'.
                Type 'bigint' is not assignable to type 'string | number | boolean'.
src/domains/accounting/accounts/pages/AccountsPage.tsx(252,29): error TS2339: Property 'personnel_number' does not exist on type 'Personnel'.
src/domains/accounting/accounts/pages/AccountsPage.tsx(252,59): error TS2339: Property 'first_name' does not exist on type 'Personnel'.
src/domains/accounting/accounts/pages/AccountsPage.tsx(252,75): error TS2339: Property 'last_name' does not exist on type 'Personnel'.
src/domains/accounting/transactions/hooks/useTransactions.ts(10,3): error TS6196: 'Transaction' is declared but never used.
src/domains/accounting/transactions/hooks/useTransactions.ts(13,3): error TS6196: 'TransactionSummary' is declared but never used.
src/domains/accounting/transactions/pages/MuavinPage.tsx(50,91): error TS2339: Property 'items' does not exist on type 'never'.
src/domains/accounting/transactions/pages/MuavinPage.tsx(213,15): error TS2322: Type '{ placeholder: string; value: string; onChange: Dispatch<SetStateAction<string>>; onSearch: (searchText: string) => void; options: { value: string; label: string; }[]; style: { ...; }; onKeyPress: (e: any) => void; filterOption: false; }' is not assignable to type 'IntrinsicAttributes & AutoCompleteProps<string, { value: string; label: string; }> & { children?: ReactNode; } & RefAttributes<BaseSelectRef>'.
  Property 'onKeyPress' does not exist on type 'IntrinsicAttributes & AutoCompleteProps<string, { value: string; label: string; }> & { children?: ReactNode; } & RefAttributes<BaseSelectRef>'.
src/domains/accounting/transactions/pages/MuavinPage.tsx(213,28): error TS7006: Parameter 'e' implicitly has an 'any' type.
src/domains/accounting/transactions/pages/MuavinPage.tsx(391,23): error TS2322: Type '{ children: string; index: number; align: "right"; style: { color: string; }; }' is not assignable to type 'IntrinsicAttributes & SummaryCellProps'.
  Property 'style' does not exist on type 'IntrinsicAttributes & SummaryCellProps'.
src/domains/accounting/transactions/pages/NewTransactionPage.tsx(99,89): error TS2339: Property 'items' does not exist on type 'never'.
src/domains/accounting/transactions/pages/NewTransactionPage.tsx(110,85): error TS2339: Property 'items' does not exist on type 'never'.
src/domains/accounting/transactions/pages/NewTransactionPage.tsx(119,83): error TS2339: Property 'items' does not exist on type 'never'.
src/domains/accounting/transactions/pages/TransactionDetailPage.tsx(26,91): error TS2339: Property 'items' does not exist on type 'never'.
src/domains/accounting/transactions/pages/TransactionDetailPage.tsx(27,91): error TS2339: Property 'items' does not exist on type 'never'.
src/domains/invoicing/einvoices/hooks/useEInvoices.ts(8,3): error TS6196: 'EInvoice' is declared but never used.
src/domains/invoicing/einvoices/hooks/useEInvoices.ts(148,64): error TS2345: Argument of type 'FormData' is not assignable to parameter of type 'File[]'.
  Type 'FormData' is missing the following properties from type 'File[]': length, pop, push, concat, and 23 more.
src/domains/invoicing/einvoices/pages/EInvoicesPage.tsx(78,36): error TS2339: Property 'items' does not exist on type 'CostCenter[]'.
src/domains/invoicing/einvoices/pages/EInvoicesPage.tsx(104,31): error TS2339: Property 'items' does not exist on type 'Account[]'.
src/domains/invoicing/einvoices/pages/EInvoicesPage.tsx(113,10): error TS6133: 'uploadLoading' is declared but its value is never read.
src/domains/invoicing/einvoices/pages/EInvoicesPage.tsx(218,9): error TS6133: 'handleUploadXML' is declared but its value is never read.
src/domains/invoicing/einvoices/pages/EInvoicesPage.tsx(234,9): error TS6133: 'handleUploadPDF' is declared but its value is never read.
src/domains/invoicing/einvoices/pages/EInvoicesPage.tsx(250,9): error TS6133: 'handlePreviewXML' is declared but its value is never read.
src/domains/invoicing/einvoices/pages/EInvoicesPage.tsx(265,9): error TS6133: 'handleCreateTransaction' is declared but its value is never read.
src/domains/invoicing/einvoices/pages/EInvoicesPage.tsx(410,25): error TS18047: 'selectedInvoice' is possibly 'null'.
src/domains/invoicing/einvoices/pages/EInvoicesPage.tsx(520,41): error TS2554: Expected 1 arguments, but got 2.
src/domains/invoicing/einvoices/pages/EInvoicesPage.tsx(533,27): error TS2339: Property 'result' does not exist on type '{ file: File; result: any; success: boolean; } | { file: File; error: any; success: boolean; }'.
src/domains/invoicing/einvoices/pages/EInvoicesPage.tsx(533,44): error TS2339: Property 'error' does not exist on type '{ file: File; result: any; success: boolean; } | { file: File; error: any; success: boolean; }'.
src/domains/invoicing/einvoices/pages/EInvoicesPage.tsx(669,60): error TS2554: Expected 1 arguments, but got 2.
src/domains/invoicing/einvoices/pages/EInvoicesPage.tsx(2405,29): error TS2322: Type '(value: string | undefined) => string' is not assignable to type '(displayValue: string | undefined) => number'.
  Type 'string' is not assignable to type 'number'.
src/domains/invoicing/einvoices/pages/EInvoicesPage.tsx(2427,29): error TS2322: Type '(value: string | undefined) => string' is not assignable to type '(displayValue: string | undefined) => number'.
  Type 'string' is not assignable to type 'number'.
src/domains/invoicing/einvoices/pages/UnpaidInvoicesPage.tsx(219,24): error TS7053: Element implicitly has an 'any' type because expression of type '"UNPAID" | "PARTIALLY_PAID" | "PAID" | "OVERPAID" | "UNKNOWN"' can't be used to index type '{ UNPAID: { color: string; icon: Element; text: string; }; PARTIALLY_PAID: { color: string; icon: Element; text: string; }; }'.
  Property 'PAID' does not exist on type '{ UNPAID: { color: string; icon: Element; text: string; }; PARTIALLY_PAID: { color: string; icon: Element; text: string; }; }'.
src/domains/partners/contacts/api/contacts.api.ts(40,9): error TS2416: Property 'search' in type 'ContactsAPI' is not assignable to the same property in base type 'CRUDService<Contact, ContactCreateRequest, ContactCreateRequest>'.
  Type '(query: string, isActive?: boolean) => Promise<Contact[]>' is not assignable to type '(params: Record<string, any>) => Promise<Contact[]>'.
    Types of parameters 'query' and 'params' are incompatible.
      Type 'Record<string, any>' is not assignable to type 'string'.
src/domains/partners/contacts/pages/ContactsPage.tsx(44,10): error TS6133: 'uploading' is declared but its value is never read.
src/domains/partners/contacts/pages/ContactsPage.tsx(160,9): error TS6133: 'handleDownloadExcel' is declared but its value is never read.
src/domains/partners/contacts/pages/ContactsPage.tsx(161,10): error TS2304: Cannot find name 'reportData'.
src/domains/partners/contacts/pages/ContactsPage.tsx(168,23): error TS2304: Cannot find name 'reportStartDate'.
src/domains/partners/contacts/pages/ContactsPage.tsx(169,21): error TS2304: Cannot find name 'reportEndDate'.
src/domains/partners/contacts/pages/ContactsPage.tsx(171,27): error TS2304: Cannot find name 'activeReportTab'.
src/domains/partners/contacts/pages/ContactsPage.tsx(171,68): error TS2304: Cannot find name 'activeReportTab'.
src/domains/partners/contacts/pages/ContactsPage.tsx(180,76): error TS2304: Cannot find name 'reportStartDate'.
src/domains/partners/contacts/pages/ContactsPage.tsx(180,114): error TS2304: Cannot find name 'reportEndDate'.
src/domains/partners/contacts/pages/ContactsPage.tsx(192,9): error TS6133: 'handleDownloadPDF' is declared but its value is never read.
src/domains/partners/contacts/pages/ContactsPage.tsx(193,10): error TS2304: Cannot find name 'reportData'.
src/domains/partners/contacts/pages/ContactsPage.tsx(200,23): error TS2304: Cannot find name 'reportStartDate'.
src/domains/partners/contacts/pages/ContactsPage.tsx(201,21): error TS2304: Cannot find name 'reportEndDate'.
src/domains/partners/contacts/pages/ContactsPage.tsx(203,27): error TS2304: Cannot find name 'activeReportTab'.
src/domains/partners/contacts/pages/ContactsPage.tsx(203,68): error TS2304: Cannot find name 'activeReportTab'.
src/domains/partners/contacts/pages/ContactsPage.tsx(212,76): error TS2304: Cannot find name 'reportStartDate'.
src/domains/partners/contacts/pages/ContactsPage.tsx(212,114): error TS2304: Cannot find name 'reportEndDate'.
src/domains/partners/contacts/pages/ContactsPage.tsx(224,9): error TS6133: 'handleSendEmail' is declared but its value is never read.
src/domains/partners/contacts/pages/ContactsPage.tsx(251,23): error TS2304: Cannot find name 'reportStartDate'.
src/domains/partners/contacts/pages/ContactsPage.tsx(252,21): error TS2304: Cannot find name 'reportEndDate'.
src/domains/partners/contacts/pages/ContactsPage.tsx(396,9): error TS6133: 'reportColumns' is declared but its value is never read.
src/domains/partners/contacts/pages/ContactsPage.tsx(396,36): error TS2304: Cannot find name 'CariReportItem'.
src/domains/partners/contacts/pages/ContactsPage.tsx(409,38): error TS2304: Cannot find name 'CariReportItem'.
src/domains/partners/contacts/pages/ContactsPage.tsx(831,68): error TS2339: Property 'payment_method' does not exist on type 'Contact'.
src/domains/partners/contacts/pages/ContactsPage.tsx(834,39): error TS2339: Property 'current_balance' does not exist on type 'Contact'.
src/domains/partners/contacts/pages/ContactsPage.tsx(923,42): error TS2339: Property 'id' does not exist on type '{ account_code: string; account_name: string; debit: number; credit: number; }'.
src/domains/personnel/api/personnel.api.ts(18,9): error TS2416: Property 'getAll' in type 'PersonnelAPI' is not assignable to the same property in base type 'CRUDService<Personnel, PersonnelCreate, PersonnelUpdate>'.
  Type '(params?: { skip?: number | undefined; limit?: number | undefined; search?: string | undefined; year_filter?: number | undefined; month_filter?: number | undefined; } | undefined) => Promise<...>' is not assignable to type '() => Promise<Personnel[]>'.
    Type 'Promise<PersonnelList>' is not assignable to type 'Promise<Personnel[]>'.
      Type 'PersonnelList' is missing the following properties from type 'Personnel[]': length, pop, push, concat, and 28 more.
src/domains/personnel/api/personnel.api.ts(23,9): error TS2416: Property 'search' in type 'PersonnelAPI' is not assignable to the same property in base type 'CRUDService<Personnel, PersonnelCreate, PersonnelUpdate>'.
  Type '(term: string) => Promise<Personnel[]>' is not assignable to type '(params: Record<string, any>) => Promise<Personnel[]>'.
    Types of parameters 'term' and 'params' are incompatible.
      Type 'Record<string, any>' is not assignable to type 'string'.
src/domains/personnel/draft_contracts/pages/DraftContractsTab.tsx(127,25): error TS2551: Property 'personnel' does not exist on type 'PersonnelDraftContract'. Did you mean 'personnel_id'?
src/domains/personnel/draft_contracts/pages/DraftContractsTab.tsx(127,42): error TS2551: Property 'personnel' does not exist on type 'PersonnelDraftContract'. Did you mean 'personnel_id'?
src/domains/personnel/draft_contracts/pages/DraftContractsTab.tsx(127,60): error TS2551: Property 'personnel' does not exist on type 'PersonnelDraftContract'. Did you mean 'personnel_id'?
src/domains/personnel/draft_contracts/pages/DraftContractsTab.tsx(128,25): error TS2551: Property 'personnel' does not exist on type 'PersonnelDraftContract'. Did you mean 'personnel_id'?
src/domains/personnel/draft_contracts/pages/DraftContractsTab.tsx(128,42): error TS2551: Property 'personnel' does not exist on type 'PersonnelDraftContract'. Did you mean 'personnel_id'?
src/domains/personnel/draft_contracts/pages/DraftContractsTab.tsx(128,60): error TS2551: Property 'personnel' does not exist on type 'PersonnelDraftContract'. Did you mean 'personnel_id'?
src/domains/personnel/draft_contracts/pages/DraftContractsTab.tsx(132,20): error TS2551: Property 'personnel' does not exist on type 'PersonnelDraftContract'. Did you mean 'personnel_id'?
src/domains/personnel/draft_contracts/pages/DraftContractsTab.tsx(132,44): error TS2551: Property 'personnel' does not exist on type 'PersonnelDraftContract'. Did you mean 'personnel_id'?
src/domains/personnel/draft_contracts/pages/DraftContractsTab.tsx(133,28): error TS2551: Property 'personnel' does not exist on type 'PersonnelDraftContract'. Did you mean 'personnel_id'?
src/domains/personnel/draft_contracts/pages/DraftContractsTab.tsx(133,51): error TS2551: Property 'personnel' does not exist on type 'PersonnelDraftContract'. Did you mean 'personnel_id'?
src/domains/personnel/payroll/pages/BordroCalculationPage.tsx(337,66): error TS2554: Expected 1 arguments, but got 2.
src/domains/personnel/payroll/pages/BordroCalculationPage.tsx(469,14): error TS2741: Property 'children' is missing in type '{ label: string; span: number; style: { fontWeight: "bold"; background: string; }; }' but required in type 'DescriptionsItemProps'.
src/domains/personnel/payroll/pages/BordroCalculationPage.tsx(480,14): error TS2741: Property 'children' is missing in type '{ label: string; span: number; style: { fontWeight: "bold"; background: string; }; }' but required in type 'DescriptionsItemProps'.
src/domains/personnel/payroll/pages/BordroCalculationPage.tsx(489,14): error TS2741: Property 'children' is missing in type '{ label: string; span: number; style: { fontWeight: "bold"; background: string; }; }' but required in type 'DescriptionsItemProps'.
src/domains/personnel/payroll/pages/BordroCalculationPageGrouped.tsx(10,11): error TS6196: 'LucaBordro' is declared but never used.
src/domains/personnel/payroll/pages/BordroCalculationPageGrouped.tsx(153,11): error TS6196: 'CostCenter' is declared but never used.
src/domains/personnel/payroll/pages/BordroCalculationPageGrouped.tsx(164,10): error TS6133: 'total' is declared but its value is never read.
src/domains/personnel/payroll/pages/BordroCalculationPageGrouped.tsx(303,9): error TS6133: 'showDetail' is declared but its value is never read.
src/domains/personnel/payroll/pages/BordroCalculationPageGrouped.tsx(516,53): error TS2345: Argument of type 'null' is not assignable to parameter of type '"bordrolar" | "maas-hesabi" | "yevmiye-kaydi" | "puantaj-bilgileri"'.
src/domains/personnel/payroll/pages/PuantajGridPage.tsx(83,10): error TS6133: 'uploadModalVisible' is declared but its value is never read.
src/domains/personnel/payroll/pages/PuantajGridPage.tsx(327,9): error TS2322: Type 'number | undefined' is not assignable to type 'number'.
  Type 'undefined' is not assignable to type 'number'.
src/domains/personnel/payroll/pages/PuantajGridPage.tsx(327,84): error TS18048: 'maas2' is possibly 'undefined'.
src/domains/personnel/payroll/pages/PuantajGridPage.tsx(669,17): error TS6133: 'isEdited' is declared but its value is never read.
src/domains/personnel/payroll/pages/PuantajGridPage.tsx(698,20): error TS2741: Property 'children' is missing in type '{ value: string; }' but required in type 'OptionProps'.
src/domains/personnel/payroll/pages/PuantajGridPage.tsx(1021,25): error TS6133: 'record' is declared but its value is never read.
src/domains/personnel/payroll/pages/PuantajGridPage.tsx(1021,33): error TS6133: 'index' is declared but its value is never read.
src/domains/personnel/payroll/pages/PuantajGridPage.tsx(1174,13): error TS2339: Property 'maas2' does not exist on type '{ calisilan_gun_sayisi: number; ssk_gun_sayisi: number; yillik_izin_gun: number; izin_gun_sayisi: number; rapor_gun_sayisi: number; eksik_gun_sayisi: number; yarim_gun_sayisi: number; ... 14 more ...; kira: any; } | { ...; }'.
src/domains/personnel/payroll/pages/PuantajGridPage.tsx(1174,20): error TS2339: Property 'fm_orani' does not exist on type '{ calisilan_gun_sayisi: number; ssk_gun_sayisi: number; yillik_izin_gun: number; izin_gun_sayisi: number; rapor_gun_sayisi: number; eksik_gun_sayisi: number; yarim_gun_sayisi: number; ... 14 more ...; kira: any; } | { ...; }'.
src/domains/personnel/payroll/pages/PuantajGridPage.tsx(1174,30): error TS2339: Property 'tatil_orani' does not exist on type '{ calisilan_gun_sayisi: number; ssk_gun_sayisi: number; yillik_izin_gun: number; izin_gun_sayisi: number; rapor_gun_sayisi: number; eksik_gun_sayisi: number; yarim_gun_sayisi: number; ... 14 more ...; kira: any; } | { ...; }'.
src/domains/personnel/payroll/pages/PuantajGridPage.tsx(1174,43): error TS2339: Property 'gunluk_kazanc' does not exist on type '{ calisilan_gun_sayisi: number; ssk_gun_sayisi: number; yillik_izin_gun: number; izin_gun_sayisi: number; rapor_gun_sayisi: number; eksik_gun_sayisi: number; yarim_gun_sayisi: number; ... 14 more ...; kira: any; } | { ...; }'.
src/domains/personnel/payroll/pages/PuantajGridPage.tsx(1174,58): error TS2339: Property 'normal_kazanc' does not exist on type '{ calisilan_gun_sayisi: number; ssk_gun_sayisi: number; yillik_izin_gun: number; izin_gun_sayisi: number; rapor_gun_sayisi: number; eksik_gun_sayisi: number; yarim_gun_sayisi: number; ... 14 more ...; kira: any; } | { ...; }'.
src/domains/personnel/payroll/pages/PuantajGridPage.tsx(1174,73): error TS2339: Property 'mesai_kazanc' does not exist on type '{ calisilan_gun_sayisi: number; ssk_gun_sayisi: number; yillik_izin_gun: number; izin_gun_sayisi: number; rapor_gun_sayisi: number; eksik_gun_sayisi: number; yarim_gun_sayisi: number; ... 14 more ...; kira: any; } | { ...; }'.
src/domains/personnel/payroll/pages/PuantajGridPage.tsx(1174,87): error TS2339: Property 'eksik_kazanc' does not exist on type '{ calisilan_gun_sayisi: number; ssk_gun_sayisi: number; yillik_izin_gun: number; izin_gun_sayisi: number; rapor_gun_sayisi: number; eksik_gun_sayisi: number; yarim_gun_sayisi: number; ... 14 more ...; kira: any; } | { ...; }'.
src/domains/personnel/payroll/pages/PuantajGridPage.tsx(1174,101): error TS2339: Property 'tatil_kazanc' does not exist on type '{ calisilan_gun_sayisi: number; ssk_gun_sayisi: number; yillik_izin_gun: number; izin_gun_sayisi: number; rapor_gun_sayisi: number; eksik_gun_sayisi: number; yarim_gun_sayisi: number; ... 14 more ...; kira: any; } | { ...; }'.
src/domains/personnel/payroll/pages/PuantajGridPage.tsx(1175,13): error TS2339: Property 'tatil_mesai_kazanc' does not exist on type '{ calisilan_gun_sayisi: number; ssk_gun_sayisi: number; yillik_izin_gun: number; izin_gun_sayisi: number; rapor_gun_sayisi: number; eksik_gun_sayisi: number; yarim_gun_sayisi: number; ... 14 more ...; kira: any; } | { ...; }'.
src/domains/personnel/payroll/pages/PuantajGridPage.tsx(1175,33): error TS2339: Property 'toplam_kazanc' does not exist on type '{ calisilan_gun_sayisi: number; ssk_gun_sayisi: number; yillik_izin_gun: number; izin_gun_sayisi: number; rapor_gun_sayisi: number; eksik_gun_sayisi: number; yarim_gun_sayisi: number; ... 14 more ...; kira: any; } | { ...; }'.
src/domains/personnel/payroll/pages/PuantajPage.tsx(4,1): error TS6133: 'UploadFile' is declared but its value is never read.
src/domains/reporting/reports/components/CariReportModal.tsx(4,30): error TS2307: Cannot find module '@/domains/partners/types/contact.types' or its corresponding type declarations.
src/domains/reporting/reports/components/CariReportModal.tsx(357,59): error TS2322: Type '{ children: string; index: number; align: "right"; style: { color: string; }; }' is not assignable to type 'IntrinsicAttributes & SummaryCellProps'.
  Property 'style' does not exist on type 'IntrinsicAttributes & SummaryCellProps'.
src/domains/reporting/reports/pages/ReportsPage.tsx(1,27): error TS6133: 'useEffect' is declared but its value is never read.
src/domains/reporting/reports/pages/ReportsPage.tsx(9,1): error TS6192: All imports in import declaration are unused.
src/domains/reporting/reports/pages/ReportsPage.tsx(715,47): error TS2339: Property 'total_opening_debit' does not exist on type 'CariReport'.
src/domains/reporting/reports/pages/ReportsPage.tsx(724,47): error TS2339: Property 'total_opening_credit' does not exist on type 'CariReport'.
src/domains/reporting/reports/pages/ReportsPage.tsx(733,47): error TS2339: Property 'total_period_debit' does not exist on type 'CariReport'.
src/domains/reporting/reports/pages/ReportsPage.tsx(743,47): error TS2339: Property 'total_period_credit' does not exist on type 'CariReport'.
src/domains/reporting/reports/pages/ReportsPage.tsx(753,47): error TS2339: Property 'total_closing_debit' does not exist on type 'CariReport'.
src/domains/reporting/reports/pages/ReportsPage.tsx(762,47): error TS2339: Property 'total_balance' does not exist on type 'CariReport'.
src/domains/reporting/reports/pages/ReportsPage.tsx(765,49): error TS2339: Property 'total_balance' does not exist on type 'CariReport'.
src/domains/reporting/reports/pages/ReportsPage.tsx(765,90): error TS2339: Property 'total_balance' does not exist on type 'CariReport'.
src/domains/reporting/reports/pages/ReportsPage.tsx(774,78): error TS2339: Property 'contact_id' does not exist on type 'CariReportItem'.
src/domains/settings/config/pages/SettingsPage.tsx(61,16): error TS2790: The operand of a 'delete' operator must be optional.
src/domains/settings/config/pages/SystemConfigPage.tsx(2,56): error TS6133: 'Input' is declared but its value is never read.
src/domains/settings/config/pages/SystemConfigPage.tsx(140,57): error TS2339: Property 'category' does not exist on type 'SystemConfig'.
